Archive member included because of file (symbol)

d:/altera/13.0sp1/nios2eds/bin/gnu/h-i686-mingw32/bin/../lib/gcc/nios2-elf/4.1.2/../../../../nios2-elf/lib/mno-hw-mul\libsmallc.a(lib_a-puts.o)
                              obj/default/hello_world.o (puts)
d:/altera/13.0sp1/nios2eds/bin/gnu/h-i686-mingw32/bin/../lib/gcc/nios2-elf/4.1.2/../../../../nios2-elf/lib/mno-hw-mul\libsmallc.a(lib_a-strlen.o)
                              d:/altera/13.0sp1/nios2eds/bin/gnu/h-i686-mingw32/bin/../lib/gcc/nios2-elf/4.1.2/../../../../nios2-elf/lib/mno-hw-mul\libsmallc.a(lib_a-puts.o) (strlen)
d:/altera/13.0sp1/nios2eds/bin/gnu/h-i686-mingw32/bin/../lib/gcc/nios2-elf/4.1.2/../../../../nios2-elf/lib/mno-hw-mul\libsmallc.a(lib_a-fvwrite_small_dev.o)
                              d:/altera/13.0sp1/nios2eds/bin/gnu/h-i686-mingw32/bin/../lib/gcc/nios2-elf/4.1.2/../../../../nios2-elf/lib/mno-hw-mul\libsmallc.a(lib_a-puts.o) (__sfvwrite_small_dev)
d:/altera/13.0sp1/nios2eds/bin/gnu/h-i686-mingw32/bin/../lib/gcc/nios2-elf/4.1.2/../../../../nios2-elf/lib/mno-hw-mul\libsmallc.a(lib_a-impure.o)
                              d:/altera/13.0sp1/nios2eds/bin/gnu/h-i686-mingw32/bin/../lib/gcc/nios2-elf/4.1.2/../../../../nios2-elf/lib/mno-hw-mul\libsmallc.a(lib_a-puts.o) (_impure_ptr)
d:/altera/13.0sp1/nios2eds/bin/gnu/h-i686-mingw32/bin/../lib/gcc/nios2-elf/4.1.2/../../../../nios2-elf/lib/mno-hw-mul\libsmallc.a(lib_a-writer.o)
                              d:/altera/13.0sp1/nios2eds/bin/gnu/h-i686-mingw32/bin/../lib/gcc/nios2-elf/4.1.2/../../../../nios2-elf/lib/mno-hw-mul\libsmallc.a(lib_a-fvwrite_small_dev.o) (_write_r)
d:/altera/13.0sp1/nios2eds/bin/gnu/h-i686-mingw32/bin/../lib/gcc/nios2-elf/4.1.2/../../../../nios2-elf/lib/mno-hw-mul\libsmallc.a(lib_a-int_errno.o)
                              d:/altera/13.0sp1/nios2eds/bin/gnu/h-i686-mingw32/bin/../lib/gcc/nios2-elf/4.1.2/../../../../nios2-elf/lib/mno-hw-mul\libsmallc.a(lib_a-writer.o) (errno)
../Serial_Nios2_bsp/\libhal_bsp.a(alt_load.o)
                              ../Serial_Nios2_bsp//obj/HAL/src/crt0.o (alt_load)
../Serial_Nios2_bsp/\libhal_bsp.a(alt_main.o)
                              ../Serial_Nios2_bsp//obj/HAL/src/crt0.o (alt_main)
../Serial_Nios2_bsp/\libhal_bsp.a(alt_write.o)
                              d:/altera/13.0sp1/nios2eds/bin/gnu/h-i686-mingw32/bin/../lib/gcc/nios2-elf/4.1.2/../../../../nios2-elf/lib/mno-hw-mul\libsmallc.a(lib_a-writer.o) (write)
../Serial_Nios2_bsp/\libhal_bsp.a(alt_sys_init.o)
                              ../Serial_Nios2_bsp/\libhal_bsp.a(alt_write.o) (jtag_uart_0)
../Serial_Nios2_bsp/\libhal_bsp.a(altera_avalon_jtag_uart_write.o)
                              ../Serial_Nios2_bsp/\libhal_bsp.a(alt_write.o) (altera_avalon_jtag_uart_write)
../Serial_Nios2_bsp/\libhal_bsp.a(alt_dcache_flush_all.o)
                              ../Serial_Nios2_bsp/\libhal_bsp.a(alt_load.o) (alt_dcache_flush_all)
../Serial_Nios2_bsp/\libhal_bsp.a(alt_errno.o)
                              ../Serial_Nios2_bsp/\libhal_bsp.a(alt_write.o) (alt_errno)
../Serial_Nios2_bsp/\libhal_bsp.a(alt_icache_flush_all.o)
                              ../Serial_Nios2_bsp/\libhal_bsp.a(alt_load.o) (alt_icache_flush_all)
../Serial_Nios2_bsp/\libhal_bsp.a(altera_nios2_qsys_irq.o)
                              ../Serial_Nios2_bsp/\libhal_bsp.a(alt_sys_init.o) (altera_nios2_qsys_irq_init)

Allocating common symbols
Common symbol       size              file

errno               0x4               d:/altera/13.0sp1/nios2eds/bin/gnu/h-i686-mingw32/bin/../lib/gcc/nios2-elf/4.1.2/../../../../nios2-elf/lib/mno-hw-mul\libsmallc.a(lib_a-int_errno.o)

Memory Configuration

Name             Origin             Length             Attributes
reset            0x00004000         0x00000020
onchip_memory2_0 0x00004020         0x000027e0
*default*        0x00000000         0xffffffff

Linker script and memory map

LOAD ../Serial_Nios2_bsp//obj/HAL/src/crt0.o
                0x0000400c                exit = _exit
LOAD obj/default/hello_world.o
LOAD d:/altera/13.0sp1/nios2eds/bin/gnu/h-i686-mingw32/bin/../lib/gcc/nios2-elf/4.1.2/../../../../nios2-elf/lib/mno-hw-mul\libstdc++.a
LOAD d:/altera/13.0sp1/nios2eds/bin/gnu/h-i686-mingw32/bin/../lib/gcc/nios2-elf/4.1.2/../../../../nios2-elf/lib/mno-hw-mul\libm.a
LOAD d:/altera/13.0sp1/nios2eds/bin/gnu/h-i686-mingw32/bin/../lib/gcc/nios2-elf/4.1.2/mno-hw-mul\libgcc.a
START GROUP
LOAD d:/altera/13.0sp1/nios2eds/bin/gnu/h-i686-mingw32/bin/../lib/gcc/nios2-elf/4.1.2/../../../../nios2-elf/lib/mno-hw-mul\libsmallc.a
LOAD d:/altera/13.0sp1/nios2eds/bin/gnu/h-i686-mingw32/bin/../lib/gcc/nios2-elf/4.1.2/mno-hw-mul\libgcc.a
LOAD ../Serial_Nios2_bsp/\libhal_bsp.a
END GROUP
LOAD d:/altera/13.0sp1/nios2eds/bin/gnu/h-i686-mingw32/bin/../lib/gcc/nios2-elf/4.1.2/mno-hw-mul\libgcc.a
                0x00004000                __alt_mem_onchip_memory2_0 = 0x4000

.entry          0x00004000       0x20
 *(.entry)
 .entry         0x00004000       0x20 ../Serial_Nios2_bsp//obj/HAL/src/crt0.o
                0x00004000                __reset
                0x0000400c                _exit

.exceptions     0x00004020        0x0
                0x00004020                PROVIDE (__ram_exceptions_start, ABSOLUTE (.))
                0x00004020                . = ALIGN (0x20)
 *(.irq)
 *(.exceptions.entry.label)
 *(.exceptions.entry.user)
 *(.exceptions.entry)
 *(.exceptions.irqtest.user)
 *(.exceptions.irqtest)
 *(.exceptions.irqhandler.user)
 *(.exceptions.irqhandler)
 *(.exceptions.irqreturn.user)
 *(.exceptions.irqreturn)
 *(.exceptions.notirq.label)
 *(.exceptions.notirq.user)
 *(.exceptions.notirq)
 *(.exceptions.soft.user)
 *(.exceptions.soft)
 *(.exceptions.unknown.user)
 *(.exceptions.unknown)
 *(.exceptions.exit.label)
 *(.exceptions.exit.user)
 *(.exceptions.exit)
 *(.exceptions)
                0x00004020                PROVIDE (__ram_exceptions_end, ABSOLUTE (.))
                0x00004020                PROVIDE (__flash_exceptions_start, LOADADDR (.exceptions))

.text           0x00004020      0x65c
                0x00004020                PROVIDE (stext, ABSOLUTE (.))
 *(.interp)
 *(.hash)
 *(.dynsym)
 *(.dynstr)
 *(.gnu.version)
 *(.gnu.version_d)
 *(.gnu.version_r)
 *(.rel.init)
 *(.rela.init)
 *(.rel.text .rel.text.* .rel.gnu.linkonce.t.*)
 *(.rela.text .rela.text.* .rela.gnu.linkonce.t.*)
 *(.rel.fini)
 *(.rela.fini)
 *(.rel.rodata .rel.rodata.* .rel.gnu.linkonce.r.*)
 *(.rela.rodata .rela.rodata.* .rela.gnu.linkonce.r.*)
 *(.rel.data .rel.data.* .rel.gnu.linkonce.d.*)
 *(.rela.data .rela.data.* .rela.gnu.linkonce.d.*)
 *(.rel.tdata .rel.tdata.* .rel.gnu.linkonce.td.*)
 *(.rela.tdata .rela.tdata.* .rela.gnu.linkonce.td.*)
 *(.rel.tbss .rel.tbss.* .rel.gnu.linkonce.tb.*)
 *(.rela.tbss .rela.tbss.* .rela.gnu.linkonce.tb.*)
 *(.rel.ctors)
 *(.rela.ctors)
 *(.rel.dtors)
 *(.rela.dtors)
 *(.rel.got)
 *(.rela.got)
 *(.rel.sdata .rel.sdata.* .rel.gnu.linkonce.s.*)
 *(.rela.sdata .rela.sdata.* .rela.gnu.linkonce.s.*)
 *(.rel.sbss .rel.sbss.* .rel.gnu.linkonce.sb.*)
 *(.rela.sbss .rela.sbss.* .rela.gnu.linkonce.sb.*)
 *(.rel.sdata2 .rel.sdata2.* .rel.gnu.linkonce.s2.*)
 *(.rela.sdata2 .rela.sdata2.* .rela.gnu.linkonce.s2.*)
 *(.rel.sbss2 .rel.sbss2.* .rel.gnu.linkonce.sb2.*)
 *(.rela.sbss2 .rela.sbss2.* .rela.gnu.linkonce.sb2.*)
 *(.rel.bss .rel.bss.* .rel.gnu.linkonce.b.*)
 *(.rela.bss .rela.bss.* .rela.gnu.linkonce.b.*)
 *(.rel.plt)
 *(.rela.plt)
 *(.rel.dyn)
 *(.init)
 *(.plt)
 *(.text .stub .text.* .gnu.linkonce.t.*)
 .text          0x00004020       0x3c ../Serial_Nios2_bsp//obj/HAL/src/crt0.o
                0x00004020                _start
 .text          0x0000405c       0xa0 obj/default/hello_world.o
                0x0000405c                main
 .text          0x000040fc       0xa4 d:/altera/13.0sp1/nios2eds/bin/gnu/h-i686-mingw32/bin/../lib/gcc/nios2-elf/4.1.2/../../../../nios2-elf/lib/mno-hw-mul\libsmallc.a(lib_a-puts.o)
                0x000040fc                _puts_r
                0x0000418c                puts
 .text          0x000041a0       0x20 d:/altera/13.0sp1/nios2eds/bin/gnu/h-i686-mingw32/bin/../lib/gcc/nios2-elf/4.1.2/../../../../nios2-elf/lib/mno-hw-mul\libsmallc.a(lib_a-strlen.o)
                0x000041a0                strlen
 .text          0x000041c0       0xbc d:/altera/13.0sp1/nios2eds/bin/gnu/h-i686-mingw32/bin/../lib/gcc/nios2-elf/4.1.2/../../../../nios2-elf/lib/mno-hw-mul\libsmallc.a(lib_a-fvwrite_small_dev.o)
                0x000041c0                __sfvwrite_small_dev
 .text          0x0000427c        0x0 d:/altera/13.0sp1/nios2eds/bin/gnu/h-i686-mingw32/bin/../lib/gcc/nios2-elf/4.1.2/../../../../nios2-elf/lib/mno-hw-mul\libsmallc.a(lib_a-impure.o)
 .text          0x0000427c       0x78 d:/altera/13.0sp1/nios2eds/bin/gnu/h-i686-mingw32/bin/../lib/gcc/nios2-elf/4.1.2/../../../../nios2-elf/lib/mno-hw-mul\libsmallc.a(lib_a-writer.o)
                0x0000427c                _write_r
 .text          0x000042f4        0x0 d:/altera/13.0sp1/nios2eds/bin/gnu/h-i686-mingw32/bin/../lib/gcc/nios2-elf/4.1.2/../../../../nios2-elf/lib/mno-hw-mul\libsmallc.a(lib_a-int_errno.o)
 .text          0x000042f4       0xec ../Serial_Nios2_bsp/\libhal_bsp.a(alt_load.o)
                0x000042f4                alt_load
 .text          0x000043e0       0x40 ../Serial_Nios2_bsp/\libhal_bsp.a(alt_main.o)
                0x000043e0                alt_main
 .text          0x00004420      0x110 ../Serial_Nios2_bsp/\libhal_bsp.a(alt_write.o)
                0x00004420                write
 .text          0x00004530       0x50 ../Serial_Nios2_bsp/\libhal_bsp.a(alt_sys_init.o)
                0x00004530                alt_irq_init
                0x00004564                alt_sys_init
 .text          0x00004580       0xa4 ../Serial_Nios2_bsp/\libhal_bsp.a(altera_avalon_jtag_uart_write.o)
                0x00004580                altera_avalon_jtag_uart_write
 .text          0x00004624       0x1c ../Serial_Nios2_bsp/\libhal_bsp.a(alt_dcache_flush_all.o)
                0x00004624                alt_dcache_flush_all
 .text          0x00004640        0x0 ../Serial_Nios2_bsp/\libhal_bsp.a(alt_errno.o)
 .text          0x00004640       0x1c ../Serial_Nios2_bsp/\libhal_bsp.a(alt_icache_flush_all.o)
                0x00004640                alt_icache_flush_all
 .text          0x0000465c       0x20 ../Serial_Nios2_bsp/\libhal_bsp.a(altera_nios2_qsys_irq.o)
                0x0000465c                altera_nios2_qsys_irq_init
 *(.gnu.warning.*)
 *(.fini)
                0x0000467c                PROVIDE (__etext, ABSOLUTE (.))
                0x0000467c                PROVIDE (_etext, ABSOLUTE (.))
                0x0000467c                PROVIDE (etext, ABSOLUTE (.))
 *(.eh_frame_hdr)
                0x0000467c                . = ALIGN (0x4)
                0x0000467c                PROVIDE (__preinit_array_start, ABSOLUTE (.))
 *(.preinit_array)
                0x0000467c                PROVIDE (__preinit_array_end, ABSOLUTE (.))
                0x0000467c                PROVIDE (__init_array_start, ABSOLUTE (.))
 *(.init_array)
                0x0000467c                PROVIDE (__init_array_end, ABSOLUTE (.))
                0x0000467c                PROVIDE (__fini_array_start, ABSOLUTE (.))
 *(.fini_array)
                0x0000467c                PROVIDE (__fini_array_end, ABSOLUTE (.))
 *(.eh_frame)
 *(.gcc_except_table)
 *(.dynamic)
                0x0000467c                PROVIDE (__CTOR_LIST__, ABSOLUTE (.))
 *(.ctors)
 *(SORT(.ctors.*))
                0x0000467c                PROVIDE (__CTOR_END__, ABSOLUTE (.))
                0x0000467c                PROVIDE (__DTOR_LIST__, ABSOLUTE (.))
 *(.dtors)
 *(SORT(.dtors.*))
                0x0000467c                PROVIDE (__DTOR_END__, ABSOLUTE (.))
 *(.jcr)
                0x0000467c                . = ALIGN (0x4)

.rodata         0x0000467c       0x2c
                0x0000467c                PROVIDE (__ram_rodata_start, ABSOLUTE (.))
                0x0000467c                . = ALIGN (0x4)
 *(.rodata .rodata.* .gnu.linkonce.r.*)
 .rodata        0x0000467c       0x28 obj/default/hello_world.o
 .rodata.str1.4
                0x000046a4        0x4 d:/altera/13.0sp1/nios2eds/bin/gnu/h-i686-mingw32/bin/../lib/gcc/nios2-elf/4.1.2/../../../../nios2-elf/lib/mno-hw-mul\libsmallc.a(lib_a-puts.o)
 *(.rodata1)
                0x000046a8                . = ALIGN (0x4)
                0x000046a8                PROVIDE (__ram_rodata_end, ABSOLUTE (.))
                0x0000467c                PROVIDE (__flash_rodata_start, LOADADDR (.rodata))

.rwdata         0x000046a8       0xf4 load address 0x0000479c
                0x000046a8                PROVIDE (__ram_rwdata_start, ABSOLUTE (.))
                0x000046a8                . = ALIGN (0x4)
 *(.got.plt)
 *(.got)
 *(.data1)
 *(.data .data.* .gnu.linkonce.d.*)
 .data          0x000046a8        0x0 ../Serial_Nios2_bsp//obj/HAL/src/crt0.o
 .data          0x000046a8        0x0 obj/default/hello_world.o
 .data          0x000046a8        0x0 d:/altera/13.0sp1/nios2eds/bin/gnu/h-i686-mingw32/bin/../lib/gcc/nios2-elf/4.1.2/../../../../nios2-elf/lib/mno-hw-mul\libsmallc.a(lib_a-puts.o)
 .data          0x000046a8        0x0 d:/altera/13.0sp1/nios2eds/bin/gnu/h-i686-mingw32/bin/../lib/gcc/nios2-elf/4.1.2/../../../../nios2-elf/lib/mno-hw-mul\libsmallc.a(lib_a-strlen.o)
 .data          0x000046a8        0x0 d:/altera/13.0sp1/nios2eds/bin/gnu/h-i686-mingw32/bin/../lib/gcc/nios2-elf/4.1.2/../../../../nios2-elf/lib/mno-hw-mul\libsmallc.a(lib_a-fvwrite_small_dev.o)
 .data          0x000046a8       0xe0 d:/altera/13.0sp1/nios2eds/bin/gnu/h-i686-mingw32/bin/../lib/gcc/nios2-elf/4.1.2/../../../../nios2-elf/lib/mno-hw-mul\libsmallc.a(lib_a-impure.o)
 .data          0x00004788        0x0 d:/altera/13.0sp1/nios2eds/bin/gnu/h-i686-mingw32/bin/../lib/gcc/nios2-elf/4.1.2/../../../../nios2-elf/lib/mno-hw-mul\libsmallc.a(lib_a-writer.o)
 .data          0x00004788        0x0 d:/altera/13.0sp1/nios2eds/bin/gnu/h-i686-mingw32/bin/../lib/gcc/nios2-elf/4.1.2/../../../../nios2-elf/lib/mno-hw-mul\libsmallc.a(lib_a-int_errno.o)
 .data          0x00004788        0x0 ../Serial_Nios2_bsp/\libhal_bsp.a(alt_load.o)
 .data          0x00004788        0x0 ../Serial_Nios2_bsp/\libhal_bsp.a(alt_main.o)
 .data          0x00004788        0x0 ../Serial_Nios2_bsp/\libhal_bsp.a(alt_write.o)
 .data          0x00004788        0x0 ../Serial_Nios2_bsp/\libhal_bsp.a(alt_sys_init.o)
 .data          0x00004788        0x0 ../Serial_Nios2_bsp/\libhal_bsp.a(altera_avalon_jtag_uart_write.o)
 .data          0x00004788        0x0 ../Serial_Nios2_bsp/\libhal_bsp.a(alt_dcache_flush_all.o)
 .data          0x00004788        0x0 ../Serial_Nios2_bsp/\libhal_bsp.a(alt_errno.o)
 .data          0x00004788        0x0 ../Serial_Nios2_bsp/\libhal_bsp.a(alt_icache_flush_all.o)
 .data          0x00004788        0x0 ../Serial_Nios2_bsp/\libhal_bsp.a(altera_nios2_qsys_irq.o)
                0x0000c788                _gp = ABSOLUTE ((. + 0x8000))
                0x0000c788                PROVIDE (gp, _gp)
 *(.rwdata .rwdata.*)
 *(.sdata .sdata.* .gnu.linkonce.s.*)
 .sdata         0x00004788        0x8 d:/altera/13.0sp1/nios2eds/bin/gnu/h-i686-mingw32/bin/../lib/gcc/nios2-elf/4.1.2/../../../../nios2-elf/lib/mno-hw-mul\libsmallc.a(lib_a-impure.o)
                0x00004788                _impure_ptr
                0x0000478c                _global_impure_ptr
 .sdata         0x00004790        0x8 ../Serial_Nios2_bsp/\libhal_bsp.a(alt_sys_init.o)
                0x00004790                jtag_uart_0
                0x00004794                uart_0
 .sdata         0x00004798        0x4 ../Serial_Nios2_bsp/\libhal_bsp.a(alt_errno.o)
                0x00004798                alt_errno
 *(.sdata2 .sdata2.* .gnu.linkonce.s2.*)
                0x0000479c                . = ALIGN (0x4)
                0x0000479c                _edata = ABSOLUTE (.)
                0x0000479c                PROVIDE (edata, ABSOLUTE (.))
                0x0000479c                PROVIDE (__ram_rwdata_end, ABSOLUTE (.))
                0x0000479c                PROVIDE (__flash_rwdata_start, LOADADDR (.rwdata))

.bss            0x00004890       0x10
                0x00004890                __bss_start = ABSOLUTE (.)
                0x00004890                PROVIDE (__sbss_start, ABSOLUTE (.))
                0x00004890                PROVIDE (___sbss_start, ABSOLUTE (.))
 *(.dynsbss)
 *(.sbss .sbss.* .gnu.linkonce.sb.*)
 .sbss          0x00004890        0x4 d:/altera/13.0sp1/nios2eds/bin/gnu/h-i686-mingw32/bin/../lib/gcc/nios2-elf/4.1.2/../../../../nios2-elf/lib/mno-hw-mul\libsmallc.a(lib_a-int_errno.o)
                0x00004890                errno
 .sbss          0x00004894        0xc ../Serial_Nios2_bsp/\libhal_bsp.a(alt_main.o)
                0x00004894                alt_argc
                0x00004898                alt_argv
                0x0000489c                alt_envp
 *(.sbss2 .sbss2.* .gnu.linkonce.sb2.*)
 *(.scommon)
                0x000048a0                PROVIDE (__sbss_end, ABSOLUTE (.))
                0x000048a0                PROVIDE (___sbss_end, ABSOLUTE (.))
 *(.dynbss)
 *(.bss .bss.* .gnu.linkonce.b.*)
 .bss           0x000048a0        0x0 ../Serial_Nios2_bsp//obj/HAL/src/crt0.o
 .bss           0x000048a0        0x0 obj/default/hello_world.o
 .bss           0x000048a0        0x0 d:/altera/13.0sp1/nios2eds/bin/gnu/h-i686-mingw32/bin/../lib/gcc/nios2-elf/4.1.2/../../../../nios2-elf/lib/mno-hw-mul\libsmallc.a(lib_a-puts.o)
 .bss           0x000048a0        0x0 d:/altera/13.0sp1/nios2eds/bin/gnu/h-i686-mingw32/bin/../lib/gcc/nios2-elf/4.1.2/../../../../nios2-elf/lib/mno-hw-mul\libsmallc.a(lib_a-strlen.o)
 .bss           0x000048a0        0x0 d:/altera/13.0sp1/nios2eds/bin/gnu/h-i686-mingw32/bin/../lib/gcc/nios2-elf/4.1.2/../../../../nios2-elf/lib/mno-hw-mul\libsmallc.a(lib_a-fvwrite_small_dev.o)
 .bss           0x000048a0        0x0 d:/altera/13.0sp1/nios2eds/bin/gnu/h-i686-mingw32/bin/../lib/gcc/nios2-elf/4.1.2/../../../../nios2-elf/lib/mno-hw-mul\libsmallc.a(lib_a-impure.o)
 .bss           0x000048a0        0x0 d:/altera/13.0sp1/nios2eds/bin/gnu/h-i686-mingw32/bin/../lib/gcc/nios2-elf/4.1.2/../../../../nios2-elf/lib/mno-hw-mul\libsmallc.a(lib_a-writer.o)
 .bss           0x000048a0        0x0 d:/altera/13.0sp1/nios2eds/bin/gnu/h-i686-mingw32/bin/../lib/gcc/nios2-elf/4.1.2/../../../../nios2-elf/lib/mno-hw-mul\libsmallc.a(lib_a-int_errno.o)
 .bss           0x000048a0        0x0 ../Serial_Nios2_bsp/\libhal_bsp.a(alt_load.o)
 .bss           0x000048a0        0x0 ../Serial_Nios2_bsp/\libhal_bsp.a(alt_main.o)
 .bss           0x000048a0        0x0 ../Serial_Nios2_bsp/\libhal_bsp.a(alt_write.o)
 .bss           0x000048a0        0x0 ../Serial_Nios2_bsp/\libhal_bsp.a(alt_sys_init.o)
 .bss           0x000048a0        0x0 ../Serial_Nios2_bsp/\libhal_bsp.a(altera_avalon_jtag_uart_write.o)
 .bss           0x000048a0        0x0 ../Serial_Nios2_bsp/\libhal_bsp.a(alt_dcache_flush_all.o)
 .bss           0x000048a0        0x0 ../Serial_Nios2_bsp/\libhal_bsp.a(alt_errno.o)
 .bss           0x000048a0        0x0 ../Serial_Nios2_bsp/\libhal_bsp.a(alt_icache_flush_all.o)
 .bss           0x000048a0        0x0 ../Serial_Nios2_bsp/\libhal_bsp.a(altera_nios2_qsys_irq.o)
 *(COMMON)
                0x000048a0                . = ALIGN (0x4)
                0x000048a0                __bss_end = ABSOLUTE (.)

.onchip_memory2_0
                0x000048a0        0x0
                0x000048a0                PROVIDE (_alt_partition_onchip_memory2_0_start, ABSOLUTE (.))
 *(.onchip_memory2_0. onchip_memory2_0.*)
                0x000048a0                . = ALIGN (0x4)
                0x000048a0                PROVIDE (_alt_partition_onchip_memory2_0_end, ABSOLUTE (.))
                0x000048a0                _end = ABSOLUTE (.)
                0x000048a0                end = ABSOLUTE (.)
                0x000048a0                __alt_stack_base = ABSOLUTE (.)
                0x000048a0                PROVIDE (_alt_partition_onchip_memory2_0_load_addr, LOADADDR (.onchip_memory2_0))

.stab
 *(.stab)

.stabstr
 *(.stabstr)

.stab.excl
 *(.stab.excl)

.stab.exclstr
 *(.stab.exclstr)

.stab.index
 *(.stab.index)

.stab.indexstr
 *(.stab.indexstr)

.comment        0x00000000       0x26
 *(.comment)
 .comment       0x00000000       0x26 obj/default/hello_world.o
                                 0x27 (size before relaxing)
 .comment       0x00000000       0x27 d:/altera/13.0sp1/nios2eds/bin/gnu/h-i686-mingw32/bin/../lib/gcc/nios2-elf/4.1.2/../../../../nios2-elf/lib/mno-hw-mul\libsmallc.a(lib_a-puts.o)
 .comment       0x00000000       0x27 d:/altera/13.0sp1/nios2eds/bin/gnu/h-i686-mingw32/bin/../lib/gcc/nios2-elf/4.1.2/../../../../nios2-elf/lib/mno-hw-mul\libsmallc.a(lib_a-strlen.o)
 .comment       0x00000000       0x27 d:/altera/13.0sp1/nios2eds/bin/gnu/h-i686-mingw32/bin/../lib/gcc/nios2-elf/4.1.2/../../../../nios2-elf/lib/mno-hw-mul\libsmallc.a(lib_a-fvwrite_small_dev.o)
 .comment       0x00000000       0x27 d:/altera/13.0sp1/nios2eds/bin/gnu/h-i686-mingw32/bin/../lib/gcc/nios2-elf/4.1.2/../../../../nios2-elf/lib/mno-hw-mul\libsmallc.a(lib_a-impure.o)
 .comment       0x00000000       0x27 d:/altera/13.0sp1/nios2eds/bin/gnu/h-i686-mingw32/bin/../lib/gcc/nios2-elf/4.1.2/../../../../nios2-elf/lib/mno-hw-mul\libsmallc.a(lib_a-writer.o)
 .comment       0x00000000       0x27 d:/altera/13.0sp1/nios2eds/bin/gnu/h-i686-mingw32/bin/../lib/gcc/nios2-elf/4.1.2/../../../../nios2-elf/lib/mno-hw-mul\libsmallc.a(lib_a-int_errno.o)
 .comment       0x00000000       0x27 ../Serial_Nios2_bsp/\libhal_bsp.a(alt_load.o)
 .comment       0x00000000       0x27 ../Serial_Nios2_bsp/\libhal_bsp.a(alt_main.o)
 .comment       0x00000000       0x27 ../Serial_Nios2_bsp/\libhal_bsp.a(alt_write.o)
 .comment       0x00000000       0x27 ../Serial_Nios2_bsp/\libhal_bsp.a(alt_sys_init.o)
 .comment       0x00000000       0x27 ../Serial_Nios2_bsp/\libhal_bsp.a(altera_avalon_jtag_uart_write.o)
 .comment       0x00000000       0x27 ../Serial_Nios2_bsp/\libhal_bsp.a(alt_dcache_flush_all.o)
 .comment       0x00000000       0x27 ../Serial_Nios2_bsp/\libhal_bsp.a(alt_errno.o)
 .comment       0x00000000       0x27 ../Serial_Nios2_bsp/\libhal_bsp.a(alt_icache_flush_all.o)
 .comment       0x00000000       0x27 ../Serial_Nios2_bsp/\libhal_bsp.a(altera_nios2_qsys_irq.o)

.debug
 *(.debug)

.line
 *(.line)

.debug_srcinfo
 *(.debug_srcinfo)

.debug_sfnames
 *(.debug_sfnames)

.debug_aranges  0x00000000      0x1c8
 *(.debug_aranges)
 .debug_aranges
                0x00000000       0x28 ../Serial_Nios2_bsp//obj/HAL/src/crt0.o
 .debug_aranges
                0x00000028       0x20 obj/default/hello_world.o
 .debug_aranges
                0x00000048       0x20 d:/altera/13.0sp1/nios2eds/bin/gnu/h-i686-mingw32/bin/../lib/gcc/nios2-elf/4.1.2/../../../../nios2-elf/lib/mno-hw-mul\libsmallc.a(lib_a-puts.o)
 .debug_aranges
                0x00000068       0x20 d:/altera/13.0sp1/nios2eds/bin/gnu/h-i686-mingw32/bin/../lib/gcc/nios2-elf/4.1.2/../../../../nios2-elf/lib/mno-hw-mul\libsmallc.a(lib_a-strlen.o)
 .debug_aranges
                0x00000088       0x20 d:/altera/13.0sp1/nios2eds/bin/gnu/h-i686-mingw32/bin/../lib/gcc/nios2-elf/4.1.2/../../../../nios2-elf/lib/mno-hw-mul\libsmallc.a(lib_a-fvwrite_small_dev.o)
 .debug_aranges
                0x000000a8       0x20 d:/altera/13.0sp1/nios2eds/bin/gnu/h-i686-mingw32/bin/../lib/gcc/nios2-elf/4.1.2/../../../../nios2-elf/lib/mno-hw-mul\libsmallc.a(lib_a-writer.o)
 .debug_aranges
                0x000000c8       0x20 ../Serial_Nios2_bsp/\libhal_bsp.a(alt_load.o)
 .debug_aranges
                0x000000e8       0x20 ../Serial_Nios2_bsp/\libhal_bsp.a(alt_main.o)
 .debug_aranges
                0x00000108       0x20 ../Serial_Nios2_bsp/\libhal_bsp.a(alt_write.o)
 .debug_aranges
                0x00000128       0x20 ../Serial_Nios2_bsp/\libhal_bsp.a(alt_sys_init.o)
 .debug_aranges
                0x00000148       0x20 ../Serial_Nios2_bsp/\libhal_bsp.a(altera_avalon_jtag_uart_write.o)
 .debug_aranges
                0x00000168       0x20 ../Serial_Nios2_bsp/\libhal_bsp.a(alt_dcache_flush_all.o)
 .debug_aranges
                0x00000188       0x20 ../Serial_Nios2_bsp/\libhal_bsp.a(alt_icache_flush_all.o)
 .debug_aranges
                0x000001a8       0x20 ../Serial_Nios2_bsp/\libhal_bsp.a(altera_nios2_qsys_irq.o)

.debug_pubnames
                0x00000000      0x2a9
 *(.debug_pubnames)
 .debug_pubnames
                0x00000000       0x1b obj/default/hello_world.o
 .debug_pubnames
                0x0000001b       0x27 d:/altera/13.0sp1/nios2eds/bin/gnu/h-i686-mingw32/bin/../lib/gcc/nios2-elf/4.1.2/../../../../nios2-elf/lib/mno-hw-mul\libsmallc.a(lib_a-puts.o)
 .debug_pubnames
                0x00000042       0x1d d:/altera/13.0sp1/nios2eds/bin/gnu/h-i686-mingw32/bin/../lib/gcc/nios2-elf/4.1.2/../../../../nios2-elf/lib/mno-hw-mul\libsmallc.a(lib_a-strlen.o)
 .debug_pubnames
                0x0000005f       0x2b d:/altera/13.0sp1/nios2eds/bin/gnu/h-i686-mingw32/bin/../lib/gcc/nios2-elf/4.1.2/../../../../nios2-elf/lib/mno-hw-mul\libsmallc.a(lib_a-fvwrite_small_dev.o)
 .debug_pubnames
                0x0000008a       0x39 d:/altera/13.0sp1/nios2eds/bin/gnu/h-i686-mingw32/bin/../lib/gcc/nios2-elf/4.1.2/../../../../nios2-elf/lib/mno-hw-mul\libsmallc.a(lib_a-impure.o)
 .debug_pubnames
                0x000000c3       0x1f d:/altera/13.0sp1/nios2eds/bin/gnu/h-i686-mingw32/bin/../lib/gcc/nios2-elf/4.1.2/../../../../nios2-elf/lib/mno-hw-mul\libsmallc.a(lib_a-writer.o)
 .debug_pubnames
                0x000000e2       0x1c d:/altera/13.0sp1/nios2eds/bin/gnu/h-i686-mingw32/bin/../lib/gcc/nios2-elf/4.1.2/../../../../nios2-elf/lib/mno-hw-mul\libsmallc.a(lib_a-int_errno.o)
 .debug_pubnames
                0x000000fe       0x1f ../Serial_Nios2_bsp/\libhal_bsp.a(alt_load.o)
 .debug_pubnames
                0x0000011d       0x46 ../Serial_Nios2_bsp/\libhal_bsp.a(alt_main.o)
 .debug_pubnames
                0x00000163       0x1c ../Serial_Nios2_bsp/\libhal_bsp.a(alt_write.o)
 .debug_pubnames
                0x0000017f       0x4f ../Serial_Nios2_bsp/\libhal_bsp.a(alt_sys_init.o)
 .debug_pubnames
                0x000001ce       0x34 ../Serial_Nios2_bsp/\libhal_bsp.a(altera_avalon_jtag_uart_write.o)
 .debug_pubnames
                0x00000202       0x2b ../Serial_Nios2_bsp/\libhal_bsp.a(alt_dcache_flush_all.o)
 .debug_pubnames
                0x0000022d       0x20 ../Serial_Nios2_bsp/\libhal_bsp.a(alt_errno.o)
 .debug_pubnames
                0x0000024d       0x2b ../Serial_Nios2_bsp/\libhal_bsp.a(alt_icache_flush_all.o)
 .debug_pubnames
                0x00000278       0x31 ../Serial_Nios2_bsp/\libhal_bsp.a(altera_nios2_qsys_irq.o)

.debug_info     0x00000000     0x2f80
 *(.debug_info .gnu.linkonce.wi.*)
 .debug_info    0x00000000       0x72 ../Serial_Nios2_bsp//obj/HAL/src/crt0.o
 .debug_info    0x00000072      0x18d obj/default/hello_world.o
 .debug_info    0x000001ff      0x685 d:/altera/13.0sp1/nios2eds/bin/gnu/h-i686-mingw32/bin/../lib/gcc/nios2-elf/4.1.2/../../../../nios2-elf/lib/mno-hw-mul\libsmallc.a(lib_a-puts.o)
 .debug_info    0x00000884       0xc2 d:/altera/13.0sp1/nios2eds/bin/gnu/h-i686-mingw32/bin/../lib/gcc/nios2-elf/4.1.2/../../../../nios2-elf/lib/mno-hw-mul\libsmallc.a(lib_a-strlen.o)
 .debug_info    0x00000946      0x68e d:/altera/13.0sp1/nios2eds/bin/gnu/h-i686-mingw32/bin/../lib/gcc/nios2-elf/4.1.2/../../../../nios2-elf/lib/mno-hw-mul\libsmallc.a(lib_a-fvwrite_small_dev.o)
 .debug_info    0x00000fd4      0x636 d:/altera/13.0sp1/nios2eds/bin/gnu/h-i686-mingw32/bin/../lib/gcc/nios2-elf/4.1.2/../../../../nios2-elf/lib/mno-hw-mul\libsmallc.a(lib_a-impure.o)
 .debug_info    0x0000160a      0x68c d:/altera/13.0sp1/nios2eds/bin/gnu/h-i686-mingw32/bin/../lib/gcc/nios2-elf/4.1.2/../../../../nios2-elf/lib/mno-hw-mul\libsmallc.a(lib_a-writer.o)
 .debug_info    0x00001c96       0x8c d:/altera/13.0sp1/nios2eds/bin/gnu/h-i686-mingw32/bin/../lib/gcc/nios2-elf/4.1.2/../../../../nios2-elf/lib/mno-hw-mul\libsmallc.a(lib_a-int_errno.o)
 .debug_info    0x00001d22      0x284 ../Serial_Nios2_bsp/\libhal_bsp.a(alt_load.o)
 .debug_info    0x00001fa6      0x206 ../Serial_Nios2_bsp/\libhal_bsp.a(alt_main.o)
 .debug_info    0x000021ac      0x273 ../Serial_Nios2_bsp/\libhal_bsp.a(alt_write.o)
 .debug_info    0x0000241f      0x329 ../Serial_Nios2_bsp/\libhal_bsp.a(alt_sys_init.o)
 .debug_info    0x00002748      0x2dd ../Serial_Nios2_bsp/\libhal_bsp.a(altera_avalon_jtag_uart_write.o)
 .debug_info    0x00002a25      0x153 ../Serial_Nios2_bsp/\libhal_bsp.a(alt_dcache_flush_all.o)
 .debug_info    0x00002b78      0x15b ../Serial_Nios2_bsp/\libhal_bsp.a(alt_errno.o)
 .debug_info    0x00002cd3      0x153 ../Serial_Nios2_bsp/\libhal_bsp.a(alt_icache_flush_all.o)
 .debug_info    0x00002e26      0x15a ../Serial_Nios2_bsp/\libhal_bsp.a(altera_nios2_qsys_irq.o)

.debug_abbrev   0x00000000      0xb86
 *(.debug_abbrev)
 .debug_abbrev  0x00000000       0x12 ../Serial_Nios2_bsp//obj/HAL/src/crt0.o
 .debug_abbrev  0x00000012       0x78 obj/default/hello_world.o
 .debug_abbrev  0x0000008a      0x180 d:/altera/13.0sp1/nios2eds/bin/gnu/h-i686-mingw32/bin/../lib/gcc/nios2-elf/4.1.2/../../../../nios2-elf/lib/mno-hw-mul\libsmallc.a(lib_a-puts.o)
 .debug_abbrev  0x0000020a       0x7a d:/altera/13.0sp1/nios2eds/bin/gnu/h-i686-mingw32/bin/../lib/gcc/nios2-elf/4.1.2/../../../../nios2-elf/lib/mno-hw-mul\libsmallc.a(lib_a-strlen.o)
 .debug_abbrev  0x00000284      0x179 d:/altera/13.0sp1/nios2eds/bin/gnu/h-i686-mingw32/bin/../lib/gcc/nios2-elf/4.1.2/../../../../nios2-elf/lib/mno-hw-mul\libsmallc.a(lib_a-fvwrite_small_dev.o)
 .debug_abbrev  0x000003fd      0x13f d:/altera/13.0sp1/nios2eds/bin/gnu/h-i686-mingw32/bin/../lib/gcc/nios2-elf/4.1.2/../../../../nios2-elf/lib/mno-hw-mul\libsmallc.a(lib_a-impure.o)
 .debug_abbrev  0x0000053c      0x16c d:/altera/13.0sp1/nios2eds/bin/gnu/h-i686-mingw32/bin/../lib/gcc/nios2-elf/4.1.2/../../../../nios2-elf/lib/mno-hw-mul\libsmallc.a(lib_a-writer.o)
 .debug_abbrev  0x000006a8       0x3b d:/altera/13.0sp1/nios2eds/bin/gnu/h-i686-mingw32/bin/../lib/gcc/nios2-elf/4.1.2/../../../../nios2-elf/lib/mno-hw-mul\libsmallc.a(lib_a-int_errno.o)
 .debug_abbrev  0x000006e3       0x88 ../Serial_Nios2_bsp/\libhal_bsp.a(alt_load.o)
 .debug_abbrev  0x0000076b       0xa6 ../Serial_Nios2_bsp/\libhal_bsp.a(alt_main.o)
 .debug_abbrev  0x00000811       0xc3 ../Serial_Nios2_bsp/\libhal_bsp.a(alt_write.o)
 .debug_abbrev  0x000008d4       0xe3 ../Serial_Nios2_bsp/\libhal_bsp.a(alt_sys_init.o)
 .debug_abbrev  0x000009b7       0xb4 ../Serial_Nios2_bsp/\libhal_bsp.a(altera_avalon_jtag_uart_write.o)
 .debug_abbrev  0x00000a6b       0x3f ../Serial_Nios2_bsp/\libhal_bsp.a(alt_dcache_flush_all.o)
 .debug_abbrev  0x00000aaa       0x5e ../Serial_Nios2_bsp/\libhal_bsp.a(alt_errno.o)
 .debug_abbrev  0x00000b08       0x3f ../Serial_Nios2_bsp/\libhal_bsp.a(alt_icache_flush_all.o)
 .debug_abbrev  0x00000b47       0x3f ../Serial_Nios2_bsp/\libhal_bsp.a(altera_nios2_qsys_irq.o)

.debug_line     0x00000000     0x24d8
 *(.debug_line)
 .debug_line    0x00000000       0x66 ../Serial_Nios2_bsp//obj/HAL/src/crt0.o
 .debug_line    0x00000066      0x20e obj/default/hello_world.o
 .debug_line    0x00000274      0x2b2 d:/altera/13.0sp1/nios2eds/bin/gnu/h-i686-mingw32/bin/../lib/gcc/nios2-elf/4.1.2/../../../../nios2-elf/lib/mno-hw-mul\libsmallc.a(lib_a-puts.o)
 .debug_line    0x00000526      0x250 d:/altera/13.0sp1/nios2eds/bin/gnu/h-i686-mingw32/bin/../lib/gcc/nios2-elf/4.1.2/../../../../nios2-elf/lib/mno-hw-mul\libsmallc.a(lib_a-strlen.o)
 .debug_line    0x00000776      0x2a9 d:/altera/13.0sp1/nios2eds/bin/gnu/h-i686-mingw32/bin/../lib/gcc/nios2-elf/4.1.2/../../../../nios2-elf/lib/mno-hw-mul\libsmallc.a(lib_a-fvwrite_small_dev.o)
 .debug_line    0x00000a1f      0x230 d:/altera/13.0sp1/nios2eds/bin/gnu/h-i686-mingw32/bin/../lib/gcc/nios2-elf/4.1.2/../../../../nios2-elf/lib/mno-hw-mul\libsmallc.a(lib_a-impure.o)
 .debug_line    0x00000c4f      0x29d d:/altera/13.0sp1/nios2eds/bin/gnu/h-i686-mingw32/bin/../lib/gcc/nios2-elf/4.1.2/../../../../nios2-elf/lib/mno-hw-mul\libsmallc.a(lib_a-writer.o)
 .debug_line    0x00000eec      0x1e2 d:/altera/13.0sp1/nios2eds/bin/gnu/h-i686-mingw32/bin/../lib/gcc/nios2-elf/4.1.2/../../../../nios2-elf/lib/mno-hw-mul\libsmallc.a(lib_a-int_errno.o)
 .debug_line    0x000010ce      0x217 ../Serial_Nios2_bsp/\libhal_bsp.a(alt_load.o)
 .debug_line    0x000012e5      0x2aa ../Serial_Nios2_bsp/\libhal_bsp.a(alt_main.o)
 .debug_line    0x0000158f      0x29f ../Serial_Nios2_bsp/\libhal_bsp.a(alt_write.o)
 .debug_line    0x0000182e      0x2c4 ../Serial_Nios2_bsp/\libhal_bsp.a(alt_sys_init.o)
 .debug_line    0x00001af2      0x304 ../Serial_Nios2_bsp/\libhal_bsp.a(altera_avalon_jtag_uart_write.o)
 .debug_line    0x00001df6      0x1b5 ../Serial_Nios2_bsp/\libhal_bsp.a(alt_dcache_flush_all.o)
 .debug_line    0x00001fab      0x1aa ../Serial_Nios2_bsp/\libhal_bsp.a(alt_errno.o)
 .debug_line    0x00002155      0x1b5 ../Serial_Nios2_bsp/\libhal_bsp.a(alt_icache_flush_all.o)
 .debug_line    0x0000230a      0x1ce ../Serial_Nios2_bsp/\libhal_bsp.a(altera_nios2_qsys_irq.o)

.debug_frame    0x00000000      0x298
 *(.debug_frame)
 .debug_frame   0x00000000       0x2c obj/default/hello_world.o
 .debug_frame   0x0000002c       0x3c d:/altera/13.0sp1/nios2eds/bin/gnu/h-i686-mingw32/bin/../lib/gcc/nios2-elf/4.1.2/../../../../nios2-elf/lib/mno-hw-mul\libsmallc.a(lib_a-puts.o)
 .debug_frame   0x00000068       0x20 d:/altera/13.0sp1/nios2eds/bin/gnu/h-i686-mingw32/bin/../lib/gcc/nios2-elf/4.1.2/../../../../nios2-elf/lib/mno-hw-mul\libsmallc.a(lib_a-strlen.o)
 .debug_frame   0x00000088       0x30 d:/altera/13.0sp1/nios2eds/bin/gnu/h-i686-mingw32/bin/../lib/gcc/nios2-elf/4.1.2/../../../../nios2-elf/lib/mno-hw-mul\libsmallc.a(lib_a-fvwrite_small_dev.o)
 .debug_frame   0x000000b8       0x2c d:/altera/13.0sp1/nios2eds/bin/gnu/h-i686-mingw32/bin/../lib/gcc/nios2-elf/4.1.2/../../../../nios2-elf/lib/mno-hw-mul\libsmallc.a(lib_a-writer.o)
 .debug_frame   0x000000e4       0x48 ../Serial_Nios2_bsp/\libhal_bsp.a(alt_load.o)
 .debug_frame   0x0000012c       0x2c ../Serial_Nios2_bsp/\libhal_bsp.a(alt_main.o)
 .debug_frame   0x00000158       0x48 ../Serial_Nios2_bsp/\libhal_bsp.a(alt_write.o)
 .debug_frame   0x000001a0       0x48 ../Serial_Nios2_bsp/\libhal_bsp.a(alt_sys_init.o)
 .debug_frame   0x000001e8       0x2c ../Serial_Nios2_bsp/\libhal_bsp.a(altera_avalon_jtag_uart_write.o)
 .debug_frame   0x00000214       0x2c ../Serial_Nios2_bsp/\libhal_bsp.a(alt_dcache_flush_all.o)
 .debug_frame   0x00000240       0x2c ../Serial_Nios2_bsp/\libhal_bsp.a(alt_icache_flush_all.o)
 .debug_frame   0x0000026c       0x2c ../Serial_Nios2_bsp/\libhal_bsp.a(altera_nios2_qsys_irq.o)

.debug_str      0x00000000      0x784
 *(.debug_str)
 .debug_str     0x00000000       0x12 obj/default/hello_world.o
 .debug_str     0x00000012      0x3f1 d:/altera/13.0sp1/nios2eds/bin/gnu/h-i686-mingw32/bin/../lib/gcc/nios2-elf/4.1.2/../../../../nios2-elf/lib/mno-hw-mul\libsmallc.a(lib_a-puts.o)
                                0x450 (size before relaxing)
 .debug_str     0x00000403       0xe8 d:/altera/13.0sp1/nios2eds/bin/gnu/h-i686-mingw32/bin/../lib/gcc/nios2-elf/4.1.2/../../../../nios2-elf/lib/mno-hw-mul\libsmallc.a(lib_a-strlen.o)
                                0x184 (size before relaxing)
 .debug_str     0x000004eb       0x70 d:/altera/13.0sp1/nios2eds/bin/gnu/h-i686-mingw32/bin/../lib/gcc/nios2-elf/4.1.2/../../../../nios2-elf/lib/mno-hw-mul\libsmallc.a(lib_a-fvwrite_small_dev.o)
                                0x46a (size before relaxing)
 .debug_str     0x0000055b       0xf8 d:/altera/13.0sp1/nios2eds/bin/gnu/h-i686-mingw32/bin/../lib/gcc/nios2-elf/4.1.2/../../../../nios2-elf/lib/mno-hw-mul\libsmallc.a(lib_a-impure.o)
                                0x45d (size before relaxing)
 .debug_str     0x00000653       0x4f d:/altera/13.0sp1/nios2eds/bin/gnu/h-i686-mingw32/bin/../lib/gcc/nios2-elf/4.1.2/../../../../nios2-elf/lib/mno-hw-mul\libsmallc.a(lib_a-writer.o)
                                0x451 (size before relaxing)
 .debug_str     0x000006a2       0x40 d:/altera/13.0sp1/nios2eds/bin/gnu/h-i686-mingw32/bin/../lib/gcc/nios2-elf/4.1.2/../../../../nios2-elf/lib/mno-hw-mul\libsmallc.a(lib_a-int_errno.o)
                                0x177 (size before relaxing)
 .debug_str     0x000006e2       0x12 ../Serial_Nios2_bsp/\libhal_bsp.a(alt_load.o)
 .debug_str     0x000006f4       0x12 ../Serial_Nios2_bsp/\libhal_bsp.a(alt_main.o)
 .debug_str     0x00000706       0x12 ../Serial_Nios2_bsp/\libhal_bsp.a(alt_write.o)
 .debug_str     0x00000718       0x12 ../Serial_Nios2_bsp/\libhal_bsp.a(alt_sys_init.o)
 .debug_str     0x0000072a       0x12 ../Serial_Nios2_bsp/\libhal_bsp.a(altera_avalon_jtag_uart_write.o)
 .debug_str     0x0000073c       0x12 ../Serial_Nios2_bsp/\libhal_bsp.a(alt_dcache_flush_all.o)
 .debug_str     0x0000074e       0x12 ../Serial_Nios2_bsp/\libhal_bsp.a(alt_errno.o)
 .debug_str     0x00000760       0x12 ../Serial_Nios2_bsp/\libhal_bsp.a(alt_icache_flush_all.o)
 .debug_str     0x00000772       0x12 ../Serial_Nios2_bsp/\libhal_bsp.a(altera_nios2_qsys_irq.o)

.debug_loc      0x00000000      0x4bd
 *(.debug_loc)
 .debug_loc     0x00000000       0x2b obj/default/hello_world.o
 .debug_loc     0x0000002b       0xa2 d:/altera/13.0sp1/nios2eds/bin/gnu/h-i686-mingw32/bin/../lib/gcc/nios2-elf/4.1.2/../../../../nios2-elf/lib/mno-hw-mul\libsmallc.a(lib_a-puts.o)
 .debug_loc     0x000000cd       0x1e d:/altera/13.0sp1/nios2eds/bin/gnu/h-i686-mingw32/bin/../lib/gcc/nios2-elf/4.1.2/../../../../nios2-elf/lib/mno-hw-mul\libsmallc.a(lib_a-strlen.o)
 .debug_loc     0x000000eb      0x162 d:/altera/13.0sp1/nios2eds/bin/gnu/h-i686-mingw32/bin/../lib/gcc/nios2-elf/4.1.2/../../../../nios2-elf/lib/mno-hw-mul\libsmallc.a(lib_a-fvwrite_small_dev.o)
 .debug_loc     0x0000024d       0x97 d:/altera/13.0sp1/nios2eds/bin/gnu/h-i686-mingw32/bin/../lib/gcc/nios2-elf/4.1.2/../../../../nios2-elf/lib/mno-hw-mul\libsmallc.a(lib_a-writer.o)
 .debug_loc     0x000002e4       0x56 ../Serial_Nios2_bsp/\libhal_bsp.a(alt_load.o)
 .debug_loc     0x0000033a       0x2b ../Serial_Nios2_bsp/\libhal_bsp.a(alt_main.o)
 .debug_loc     0x00000365       0x56 ../Serial_Nios2_bsp/\libhal_bsp.a(alt_write.o)
 .debug_loc     0x000003bb       0x56 ../Serial_Nios2_bsp/\libhal_bsp.a(alt_sys_init.o)
 .debug_loc     0x00000411       0x2b ../Serial_Nios2_bsp/\libhal_bsp.a(altera_avalon_jtag_uart_write.o)
 .debug_loc     0x0000043c       0x2b ../Serial_Nios2_bsp/\libhal_bsp.a(alt_dcache_flush_all.o)
 .debug_loc     0x00000467       0x2b ../Serial_Nios2_bsp/\libhal_bsp.a(alt_icache_flush_all.o)
 .debug_loc     0x00000492       0x2b ../Serial_Nios2_bsp/\libhal_bsp.a(altera_nios2_qsys_irq.o)

.debug_macinfo
 *(.debug_macinfo)

.debug_weaknames
 *(.debug_weaknames)

.debug_funcnames
 *(.debug_funcnames)

.debug_typenames
 *(.debug_typenames)

.debug_varnames
 *(.debug_varnames)

.debug_alt_sim_info
                0x00000000       0x10
 *(.debug_alt_sim_info)
 .debug_alt_sim_info
                0x00000000       0x10 ../Serial_Nios2_bsp//obj/HAL/src/crt0.o
                0x00006800                __alt_data_end = 0x6800
                0x00006800                PROVIDE (__alt_stack_pointer, __alt_data_end)
                0x000048a0                PROVIDE (__alt_stack_limit, __alt_stack_base)
                0x000048a0                PROVIDE (__alt_heap_start, end)
                0x00006800                PROVIDE (__alt_heap_limit, 0x6800)
OUTPUT(Serial_Nios2.elf elf32-littlenios2)

.debug_ranges   0x00000000       0x20
 .debug_ranges  0x00000000       0x20 ../Serial_Nios2_bsp//obj/HAL/src/crt0.o
